// Jest Snapshot v1, https://goo.gl/fbAQLP

exports[`matches snapshot 1`] = `
<NotFound>
  <div>
    <h1
      className="display-4"
    >
      Page Not Found
    </h1>
    <p>
      Sorry, this page does not exist
    </p>
  </div>
</NotFound>
`;
