// Jest Snapshot v1, https://goo.gl/fbAQLP

exports[`matches snapshot 1`] = `
<Footer>
  <footer
    className="bg-light text-dark mt-5 p-4 text-center"
  >
    Copyright Â© 
    2019
     Network
  </footer>
</Footer>
`;
