// Jest Snapshot v1, https://goo.gl/fbAQLP

exports[`matches snapshot 1`] = `
<Education
  deleteEducation={[Function]}
  education={Array []}
>
  <div>
    <h4
      className="mb-4"
    >
      Education Credentials
    </h4>
    <table
      className="table"
    >
      <thead>
        <tr>
          <th>
            School
          </th>
          <th>
            Degree
          </th>
          <th>
            Years
          </th>
          <th />
        </tr>
      </thead>
    </table>
  </div>
</Education>
`;
