// Jest Snapshot v1, https://goo.gl/fbAQLP

exports[`matches snapshot 1`] = `
<Experience
  deleteExperience={[Function]}
  experience={Array []}
>
  <div>
    <h4
      className="mb-4"
    >
      Experience Credentials
    </h4>
    <table
      className="table"
    >
      <thead>
        <tr>
          <th>
            Company
          </th>
          <th>
            Title
          </th>
          <th>
            Years
          </th>
          <th />
        </tr>
      </thead>
    </table>
  </div>
</Experience>
`;
